Archive member included because of file (symbol)

contiki-sky.a(tailored-lwb.o)
                              lwb-test.co (tailored_lwb_process)
contiki-sky.a(slot-allocation)
                              contiki-sky.a(tailored-lwb.o) (prepare_slot_request)
contiki-sky.a(slot-participat)
                              contiki-sky.a(tailored-lwb.o) (set_forwarder_vector)
contiki-sky.a(energy-stats.o)
                              contiki-sky.a(tailored-lwb.o) (energy_update)
contiki-sky.a(contiki-sky-pla)
                              obj_sky/contiki-sky-main.o (init_platform)
contiki-sky.a(button-sensor.o)
                              contiki-sky.a(contiki-sky-pla) (button_sensor)
contiki-sky.a(ds2411.o)       obj_sky/contiki-sky-main.o (ds2411_init)
contiki-sky.a(xmem.o)         obj_sky/contiki-sky-main.o (xmem_init)
contiki-sky.a(node-id.o)      obj_sky/contiki-sky-main.o (node_id_restore)
contiki-sky.a(sensors.o)      contiki-sky.a(button-sensor.o) (sensors_changed)
contiki-sky.a(cc2420.o)       obj_sky/contiki-sky-main.o (cc2420_set_pan_addr)
contiki-sky.a(cc2420-arch.o)  contiki-sky.a(cc2420.o) (cc2420_arch_init)
contiki-sky.a(uart1.o)        obj_sky/contiki-sky-main.o (uart1_active)
contiki-sky.a(uart1-putchar.o)
                              obj_sky/contiki-sky-main.o (putchar)
contiki-sky.a(msp430.o)       contiki-sky.a(uart1.o) (msp430_add_lpm_req)
contiki-sky.a(clock.o)        obj_sky/contiki-sky-main.o (clock_init)
contiki-sky.a(leds.o)         obj_sky/contiki-sky-main.o (leds_init)
contiki-sky.a(leds-arch.o)    contiki-sky.a(leds.o) (leds_arch_init)
contiki-sky.a(watchdog.o)     obj_sky/contiki-sky-main.o (watchdog_start)
contiki-sky.a(rtimer-arch.o)  obj_sky/contiki-sky-main.o (rtimer_arch_now)
contiki-sky.a(autostart.o)    obj_sky/contiki-sky-main.o (autostart_start)
contiki-sky.a(ctimer.o)       obj_sky/contiki-sky-main.o (ctimer_init)
contiki-sky.a(energest.o)     obj_sky/contiki-sky-main.o (energest_init)
contiki-sky.a(etimer.o)       contiki-sky.a(clock.o) (etimer_request_poll)
contiki-sky.a(process.o)      contiki-sky.a(ctimer.o) (process_current)
contiki-sky.a(rtimer.o)       obj_sky/contiki-sky-main.o (rtimer_init)
contiki-sky.a(timer.o)        obj_sky/contiki-sky-main.o (timer_set)
contiki-sky.a(serial-line.o)  obj_sky/contiki-sky-main.o (serial_line_input_byte)
contiki-sky.a(list.o)         contiki-sky.a(ctimer.o) (list_init)
contiki-sky.a(random.o)       obj_sky/contiki-sky-main.o (random_init)
contiki-sky.a(ringbuf.o)      contiki-sky.a(serial-line.o) (ringbuf_init)
contiki-sky.a(rime.o)         obj_sky/contiki-sky-main.o (rime_driver)
contiki-sky.a(nullmac.o)      obj_sky/contiki-sky-main.o (nullmac_driver)
contiki-sky.a(nullrdc.o)      obj_sky/contiki-sky-main.o (nullrdc_driver)
contiki-sky.a(linkaddr.o)     obj_sky/contiki-sky-main.o (linkaddr_copy)
contiki-sky.a(packetbuf.o)    contiki-sky.a(rime.o) (packetbuf_compact)
contiki-sky.a(queuebuf.o)     contiki-sky.a(rime.o) (queuebuf_init)
contiki-sky.a(nullsec.o)      obj_sky/contiki-sky-main.o (nullsec_driver)
contiki-sky.a(tailored-glossy)
                              contiki-sky.a(tailored-lwb.o) (tailored_glossy_start)
contiki-sky.a(spi.o)          contiki-sky.a(xmem.o) (spi_init)
contiki-sky.a(nullradio.o)    contiki-sky.a(nullrdc.o) (nullradio_driver)
contiki-sky.a(memb.o)         contiki-sky.a(queuebuf.o) (memb_init)
contiki-sky.a(abc.o)          contiki-sky.a(rime.o) (abc_input)
contiki-sky.a(announcement.o)
                              contiki-sky.a(rime.o) (announcement_init)
contiki-sky.a(broadcast-annou)
                              contiki-sky.a(rime.o) (broadcast_announcement_init)
contiki-sky.a(broadcast.o)    contiki-sky.a(broadcast-annou) (broadcast_open)
contiki-sky.a(chameleon.o)    contiki-sky.a(rime.o) (chameleon_init)
contiki-sky.a(channel.o)      contiki-sky.a(chameleon.o) (channel_init)
contiki-sky.a(framer-nullmac.)
                              contiki-sky.a(nullrdc.o) (framer_nullmac)
contiki-sky.a(mac.o)          contiki-sky.a(nullrdc.o) (mac_call_sent_callback)
contiki-sky.a(chameleon-bitop)
                              contiki-sky.a(chameleon.o) (chameleon_bitopt)
contiki-sky.a(framer.o)       contiki-sky.a(framer-nullmac.) (framer_canonical_create_and_secure)
/usr/lib/gcc/msp430/4.6.3/mmpy-16/libgcc.a(_mulsi3.o)
                              contiki-sky.a(tailored-glossy) (__mulsi3)
/usr/lib/gcc/msp430/4.6.3/mmpy-16/libgcc.a(_udivmod16.o)
                              contiki-sky.a(tailored-lwb.o) (__umodhi3)
/usr/lib/gcc/msp430/4.6.3/mmpy-16/libgcc.a(_udivmod32.o)
                              obj_sky/contiki-sky-main.o (__udivsi3)
/usr/lib/gcc/msp430/4.6.3/mmpy-16/libgcc.a(_divmod32.o)
                              contiki-sky.a(energy-stats.o) (__divsi3)
/usr/lib/gcc/msp430/4.6.3/../../../../msp430/lib/mmpy-16/libc.a(strncmp.o)
                              contiki-sky.a(sensors.o) (strncmp)
/usr/lib/gcc/msp430/4.6.3/../../../../msp430/lib/mmpy-16/libc.a(memcmp.o)
[...]
Memory Configuration

Name             Origin             Length             Attributes
sfr              0x00000000         0x00000010
peripheral_8bit  0x00000010         0x000000f0
peripheral_16bit 0x00000100         0x00000100
ram_mirror       0x00000200         0x00000800         xw
infomem          0x00001000         0x00000100
infob            0x00001000         0x00000080
infoa            0x00001080         0x00000080
ram              0x00001100         0x00002800         xw
rom              0x00004000         0x0000bfe0         xr
vectors          0x0000ffe0         0x00000020
bsl              0x00000000         0x00000000
infoc            0x00000000         0x00000000
infod            0x00000000         0x00000000
ram2             0x00000000         0x00000000         xw
usbram           0x00000000         0x00000000         xw
far_rom          0x00000000         0x00000000
*default*        0x00000000         0xffffffff

Linker script and memory map

LOAD /usr/lib/gcc/msp430/4.6.3/mmpy-16/crt0ivtbl16.o
Address of section .glossy set to 0x4000
Address of section .text set to 0x4400
LOAD lwb-test.co
LOAD obj_sky/contiki-sky-main.o
LOAD contiki-sky.a
LOAD /usr/lib/gcc/msp430/4.6.3/mmpy-16/libgcc.a
LOAD /usr/lib/gcc/msp430/4.6.3/../../../../msp430/lib/mmpy-16/libc.a
LOAD /usr/lib/gcc/msp430/4.6.3/mmpy-16/libgcc.a
LOAD /usr/lib/gcc/msp430/4.6.3/mmpy-16/libcrt0.a
                0x00000080                PROVIDE (__info_segment_size, 0x80)
                0x00001000                PROVIDE (__infob, 0x1000)
                0x00001080                PROVIDE (__infoa, 0x1080)
                0x00000000                __IE1 = 0x0
                0x00000002                __IFG1 = 0x2
                0x00000004                __ME1 = 0x4
                0x00000001                __IE2 = 0x1
                0x00000003                __IFG2 = 0x3
                0x00000005                __ME2 = 0x5
                0x00000120                __WDTCTL = 0x120
                0x00000130                __MPY = 0x130
                0x00000132                __MPYS = 0x132
                0x00000134                __MAC = 0x134
                0x00000136                __MACS = 0x136
                0x00000138                __OP2 = 0x138
                0x0000013a                __RESLO = 0x13a
                0x0000013c                __RESHI = 0x13c
                0x0000013e                __SUMEXT = 0x13e
                0x00000020                __P1IN = 0x20
                0x00000021                __P1OUT = 0x21
                0x00000022                __P1DIR = 0x22
                0x00000023                __P1IFG = 0x23
                0x00000024                __P1IES = 0x24
                0x00000025                __P1IE = 0x25
                0x00000026                __P1SEL = 0x26
                0x00000028                __P2IN = 0x28
                0x00000029                __P2OUT = 0x29
                0x0000002a                __P2DIR = 0x2a
                0x0000002b                __P2IFG = 0x2b
                0x0000002c                __P2IES = 0x2c
                0x0000002d                __P2IE = 0x2d
                0x0000002e                __P2SEL = 0x2e
                0x00000018                __P3IN = 0x18
                0x00000019                __P3OUT = 0x19
                0x0000001a                __P3DIR = 0x1a
                0x0000001b                __P3SEL = 0x1b
                0x0000001c                __P4IN = 0x1c
                0x0000001d                __P4OUT = 0x1d
                0x0000001e                __P4DIR = 0x1e
                0x0000001f                __P4SEL = 0x1f
                0x00000030                __P5IN = 0x30
                0x00000031                __P5OUT = 0x31
                0x00000032                __P5DIR = 0x32
                0x00000033                __P5SEL = 0x33
                0x00000034                __P6IN = 0x34
                0x00000035                __P6OUT = 0x35
                0x00000036                __P6DIR = 0x36
                0x00000037                __P6SEL = 0x37
                0x00000070                __U0CTL = 0x70
                0x00000071                __U0TCTL = 0x71
                0x00000072                __U0RCTL = 0x72
                0x00000073                __U0MCTL = 0x73
                0x00000074                __U0BR0 = 0x74
                0x00000075                __U0BR1 = 0x75
                0x00000076                __U0RXBUF = 0x76
                0x00000077                __U0TXBUF = 0x77
                0x00000078                __U1CTL = 0x78
                0x00000079                __U1TCTL = 0x79
                0x0000007a                __U1RCTL = 0x7a
                0x0000007b                __U1MCTL = 0x7b
                0x0000007c                __U1BR0 = 0x7c
                0x0000007d                __U1BR1 = 0x7d
                0x0000007e                __U1RXBUF = 0x7e
                0x0000007f                __U1TXBUF = 0x7f
                0x00000050                __I2CIE = 0x50
                0x00000051                __I2CIFG = 0x51
                0x00000052                __I2CNDAT = 0x52
                0x00000071                __I2CTCTL = 0x71
                0x00000072                __I2CDCTL = 0x72
                0x00000073                __I2CPSC = 0x73
                0x00000074                __I2CSCLH = 0x74
                0x00000075                __I2CSCLL = 0x75
                0x00000076                __I2CDRB = 0x76
                0x00000076                __I2CDRW = 0x76
                0x00000118                __I2COA = 0x118
                0x0000011a                __I2CSA = 0x11a
                0x0000011c                __I2CIV = 0x11c
                0x0000012e                __TAIV = 0x12e
                0x00000160                __TACTL = 0x160
                0x00000162                __TACCTL0 = 0x162
                0x00000164                __TACCTL1 = 0x164
                0x00000166                __TACCTL2 = 0x166
                0x00000170                __TAR = 0x170
                0x00000172                __TACCR0 = 0x172
                0x00000174                __TACCR1 = 0x174
                0x00000176                __TACCR2 = 0x176
                0x0000011e                __TBIV = 0x11e
                0x00000180                __TBCTL = 0x180
                0x00000182                __TBCCTL0 = 0x182
                0x00000184                __TBCCTL1 = 0x184
                0x00000186                __TBCCTL2 = 0x186
                0x00000188                __TBCCTL3 = 0x188
                0x0000018a                __TBCCTL4 = 0x18a
                0x0000018c                __TBCCTL5 = 0x18c
                0x0000018e                __TBCCTL6 = 0x18e
                0x00000190                __TBR = 0x190
                0x00000192                __TBCCR0 = 0x192
                0x00000194                __TBCCR1 = 0x194
                0x00000196                __TBCCR2 = 0x196
                0x00000198                __TBCCR3 = 0x198
                0x0000019a                __TBCCR4 = 0x19a
                0x0000019c                __TBCCR5 = 0x19c
                0x0000019e                __TBCCR6 = 0x19e
                0x00000056                __DCOCTL = 0x56
                0x00000057                __BCSCTL1 = 0x57
                0x00000058                __BCSCTL2 = 0x58
                0x00000055                __SVSCTL = 0x55
                0x00000128                __FCTL1 = 0x128
                0x0000012a                __FCTL2 = 0x12a
                0x0000012c                __FCTL3 = 0x12c
                0x00000059                __CACTL1 = 0x59
                0x0000005a                __CACTL2 = 0x5a
                0x0000005b                __CAPD = 0x5b
                0x000001a0                __ADC12CTL0 = 0x1a0
                0x000001a2                __ADC12CTL1 = 0x1a2
                0x000001a4                __ADC12IFG = 0x1a4
                0x000001a6                __ADC12IE = 0x1a6
                0x000001a8                __ADC12IV = 0x1a8
                0x00000140                __ADC12MEM0 = 0x140
                0x00000142                __ADC12MEM1 = 0x142
                0x00000144                __ADC12MEM2 = 0x144
                0x00000146                __ADC12MEM3 = 0x146
                0x00000148                __ADC12MEM4 = 0x148
                0x0000014a                __ADC12MEM5 = 0x14a
                0x0000014c                __ADC12MEM6 = 0x14c
                0x0000014e                __ADC12MEM7 = 0x14e
                0x00000150                __ADC12MEM8 = 0x150
                0x00000152                __ADC12MEM9 = 0x152
                0x00000154                __ADC12MEM10 = 0x154
                0x00000156                __ADC12MEM11 = 0x156
                0x00000158                __ADC12MEM12 = 0x158
                0x0000015a                __ADC12MEM13 = 0x15a
                0x0000015c                __ADC12MEM14 = 0x15c
                0x0000015e                __ADC12MEM15 = 0x15e
                0x00000080                __ADC12MCTL0 = 0x80
                0x00000081                __ADC12MCTL1 = 0x81
                0x00000082                __ADC12MCTL2 = 0x82
                0x00000083                __ADC12MCTL3 = 0x83
                0x00000084                __ADC12MCTL4 = 0x84
                0x00000085                __ADC12MCTL5 = 0x85
                0x00000086                __ADC12MCTL6 = 0x86
                0x00000087                __ADC12MCTL7 = 0x87
                0x00000088                __ADC12MCTL8 = 0x88
                0x00000089                __ADC12MCTL9 = 0x89
                0x0000008a                __ADC12MCTL10 = 0x8a
                0x0000008b                __ADC12MCTL11 = 0x8b
                0x0000008c                __ADC12MCTL12 = 0x8c
                0x0000008d                __ADC12MCTL13 = 0x8d
                0x0000008e                __ADC12MCTL14 = 0x8e
                0x0000008f                __ADC12MCTL15 = 0x8f
                0x000001c0                __DAC12_0CTL = 0x1c0
                0x000001c2                __DAC12_1CTL = 0x1c2
                0x000001c8                __DAC12_0DAT = 0x1c8
                0x000001ca                __DAC12_1DAT = 0x1ca
                0x00000122                __DMACTL0 = 0x122
                0x00000124                __DMACTL1 = 0x124
                0x000001e0                __DMA0CTL = 0x1e0
                0x000001e8                __DMA1CTL = 0x1e8
                0x000001f0                __DMA2CTL = 0x1f0
                0x000001e2                __DMA0SA = 0x1e2
                0x000001e4                __DMA0DA = 0x1e4
                0x000001e6                __DMA0SZ = 0x1e6
                0x000001ea                __DMA1SA = 0x1ea
                0x000001ec                __DMA1DA = 0x1ec
                0x000001ee                __DMA1SZ = 0x1ee
                0x000001f2                __DMA2SA = 0x1f2
                0x000001f4                __DMA2DA = 0x1f4
                0x000001f6                __DMA2SZ = 0x1f6

.hash
 *(.hash)

.dynsym
 *(.dynsym)

.dynstr
 *(.dynstr)

.gnu.version
 *(.gnu.version)

.gnu.version_d
 *(.gnu.version_d)

.gnu.version_r
 *(.gnu.version_r)

.rel.init
 *(.rel.init)

.rela.init
 *(.rela.init)

.rel.fini
 *(.rel.fini)

.rela.fini
 *(.rela.fini)

.rel.text
 *(.rel.text .rel.text.* .rel.gnu.linkonce.t.*)

.rela.text
 *(.rela.text .rela.text.* .rela.gnu.linkonce.t.*)

.rel.rodata
 *(.rel.rodata .rel.rodata.* .rel.gnu.linkonce.r.*)

.rela.rodata
 *(.rela.rodata .rela.rodata.* .rela.gnu.linkonce.r.*)

.rel.data
 *(.rel.data .rel.data.* .rel.gnu.linkonce.d.*)

.rela.data
 *(.rela.data .rela.data.* .rela.gnu.linkonce.d.*)

.rel.bss
 *(.rel.bss .rel.bss.* .rel.gnu.linkonce.b.*)

.rela.bss
 *(.rela.bss .rela.bss.* .rela.gnu.linkonce.b.*)

.rel.ctors
 *(.rel.ctors)

.rela.ctors
 *(.rela.ctors)

.rel.dtors
 *(.rel.dtors)

.rela.dtors
 *(.rela.dtors)

.rel.got
 *(.rel.got)

.rela.got
 *(.rela.got)

.rel.plt
 *(.rel.plt)

.rela.plt
 *(.rela.plt)

.text           0x00004400     0x5030
                0x00004400                . = ALIGN (0x2)
 *(.init .init.*)
 *(.init0)
 .init0         0x00004400        0x0 /usr/lib/gcc/msp430/4.6.3/mmpy-16/libcrt0.a(_reset_vector__.o)
                0x00004400                _reset_vector__
 *(.init1)
 .init1         0x00004400        0xc /usr/lib/gcc/msp430/4.6.3/mmpy-16/libcrt0.a(__watchdog_support.o)
                0x00004400                __watchdog_support
 *(.init2)
 .init2         0x0000440c        0x4 /usr/lib/gcc/msp430/4.6.3/mmpy-16/libcrt0.a(__init_stack.o)
                0x0000440c                __init_stack
 *(.init3)
 .init3         0x00004410        0x0 /usr/lib/gcc/msp430/4.6.3/mmpy-16/libcrt0.a(__low_level_init.o)
                0x00004410                __low_level_init
 *(.init4)
 .init4         0x00004410       0x18 /usr/lib/gcc/msp430/4.6.3/mmpy-16/libcrt0.a(_copy_data.o)
                0x00004410                __do_copy_data
 .init4         0x00004428       0x16 /usr/lib/gcc/msp430/4.6.3/mmpy-16/libcrt0.a(_clear_bss.o)
                0x00004428                __do_clear_bss
 *(.init5)
 *(.init6)
 *(.init7)
 *(.init8)
 *(.init9)
 .init9         0x0000443e      0x2d0 obj_sky/contiki-sky-main.o
                0x0000443e                main
 *(.fini9)
 .fini9         0x0000470e        0x0 /usr/lib/gcc/msp430/4.6.3/mmpy-16/libcrt0.a(__stop_progExec__.o)
                0x0000470e                __stop_progExec__
 *(.fini8)
 *(.fini7)
 *(.fini6)
 *(.fini5)
 *(.fini4)
 *(.fini3)
 *(.fini2)
 *(.fini1)
 *(.fini0)
 .fini0         0x0000470e        0x6 /usr/lib/gcc/msp430/4.6.3/mmpy-16/libcrt0.a(_endless_loop__.o)
                0x0000470e                _endless_loop__
 *(.fini .fini.*)
                0x00004714                . = ALIGN (0x2)
                0x00004714                __ctors_start = .
 *(.ctors)
                0x00004714                __ctors_end = .
                0x00004714                __dtors_start = .
 *(.dtors)
                0x00004714                __dtors_end = .
                0x00004714                . = ALIGN (0x2)
 *(.text .text.* .gnu.linkonce.t.*)
 .text          0x00004714        0x4 /usr/lib/gcc/msp430/4.6.3/mmpy-16/crt0ivtbl16.o
                0x00004714                __isr_14
                0x00004714                __isr_11
                0x00004714                __isr_2
                0x00004714                __isr_7
                0x00004714                __isr_0
                0x00004714                __isr_8
                0x00004714                __isr_3
                0x00004714                __isr_13
                0x00004714                __isr_9
 .text.process_thread_lwb_test
                0x00004718       0x20 lwb-test.co
 .text.start_network_layer
                0x00004738       0x3c obj_sky/contiki-sky-main.o
 .text.process_thread_tailored_lwb_process
                0x00004774       0x54 contiki-sky.a(tailored-lwb.o)
 .text.process_thread_tailored_lwb_print_process
                0x000047c8       0x96 contiki-sky.a(tailored-lwb.o)
 .text.reset_parameters
                0x0000485e       0x58 contiki-sky.a(tailored-lwb.o)
 .text.estimate_period_skew
                0x000048b6       0x42 contiki-sky.a(tailored-lwb.o)
 .text.filled_superframe
                0x000048f8       0x3c contiki-sky.a(tailored-lwb.o)
                0x000048f8                filled_superframe
 .text.prepare_next_superframe
                0x00004934       0x66 contiki-sky.a(tailored-lwb.o)
                0x00004934                prepare_next_superframe
 .text.next_radio_activity_schedule
                0x0000499a       0xce contiki-sky.a(tailored-lwb.o)
                0x0000499a                next_radio_activity_schedule
 .text.node_init
                0x00004a68       0x2a contiki-sky.a(tailored-lwb.o)
                0x00004a68                node_init
 .text.prepare_sync_packet
                0x00004a92       0x3e contiki-sky.a(tailored-lwb.o)
                0x00004a92                prepare_sync_packet
 .text.process_sync_packet
                0x00004ad0      0x17a contiki-sky.a(tailored-lwb.o)
                0x00004ad0                process_sync_packet
 .text.prepare_data
                0x00004c4a       0x4a contiki-sky.a(tailored-lwb.o)
                0x00004c4a                prepare_data
 .text.process_data
                0x00004c94       0x38 contiki-sky.a(tailored-lwb.o)
                0x00004c94                process_data
 .text.proecess_rr_data
                0x00004ccc       0x72 contiki-sky.a(tailored-lwb.o)
                0x00004ccc                proecess_rr_data
 .text.tailored_lwb_scheduler
                0x00004d3e      0x176 contiki-sky.a(tailored-lwb.o)
                0x00004d3e                tailored_lwb_scheduler
 .text.prepare_slot_request
                0x00004eb4       0x2e contiki-sky.a(slot-allocation)
                0x00004eb4                prepare_slot_request
 .text.handle_slot_request
                0x00004ee2       0x3e contiki-sky.a(slot-allocation)
                0x00004ee2                handle_slot_request
 .text.handle_slot_reply
                0x00004f20       0x10 contiki-sky.a(slot-allocation)
                0x00004f20                handle_slot_reply
 .text.set_forwarder_vector
                0x00004f30       0x10 contiki-sky.a(slot-participat)
                0x00004f30                set_forwarder_vector
 .text.update_participation_vector
                0x00004f40       0x24 contiki-sky.a(slot-participat)
                0x00004f40                update_participation_vector
 .text.decide_participation
                0x00004f64       0x28 contiki-sky.a(slot-participat)
                0x00004f64                decide_participation
 .text.energy_update
                0x00004f8c      0x18e contiki-sky.a(energy-stats.o)
                0x00004f8c                energy_update
 .text.initiate_energy_accounting
                0x0000511a       0x46 contiki-sky.a(energy-stats.o)
                0x0000511a                initiate_energy_accounting
 .text.init_platform
                0x00005160        0xc contiki-sky.a(contiki-sky-pla)
                0x00005160                init_platform
 .text.status   0x0000516c       0x16 contiki-sky.a(button-sensor.o)
 .text.configure
                0x00005182       0x52 contiki-sky.a(button-sensor.o)
 .text.value    0x000051d4       0x22 contiki-sky.a(button-sensor.o)
 .text.irq_p2   0x000051f6       0x8a contiki-sky.a(button-sensor.o)
                0x000051f6                irq_p2
                0x000051f6                __isr_1
 .text.owreadb  0x00005280       0x52 contiki-sky.a(ds2411.o)
 .text.ds2411_init
                0x000052d2      0x122 contiki-sky.a(ds2411.o)
                0x000052d2                ds2411_init
 .text.wait_ready
                0x000053f4       0x50 contiki-sky.a(xmem.o)
 .text.xmem_init
                0x00005444       0x3e contiki-sky.a(xmem.o)
                0x00005444                xmem_init
 .text.xmem_pread
                0x00005482       0xea contiki-sky.a(xmem.o)
                0x00005482                xmem_pread
 .text.node_id_restore
                0x0000556c       0x38 contiki-sky.a(node-id.o)
                0x0000556c                node_id_restore
 .text.process_thread_sensors_process
                0x000055a4       0xbe contiki-sky.a(sensors.o)
 .text.sensors_changed
                0x00005662       0x2a contiki-sky.a(sensors.o)
                0x00005662                sensors_changed
 .text.get_object
                0x0000568c        0x4 contiki-sky.a(cc2420.o)
 .text.set_object
                0x00005690        0x4 contiki-sky.a(cc2420.o)
 .text.strobe   0x00005694       0x20 contiki-sky.a(cc2420.o)
 .text.getreg   0x000056b4       0x54 contiki-sky.a(cc2420.o)
 .text.setreg   0x00005708       0x52 contiki-sky.a(cc2420.o)
 .text.write_ram
                0x0000575a       0x80 contiki-sky.a(cc2420.o)
 .text.write_fifo_buf
                0x000057da       0x40 contiki-sky.a(cc2420.o)
 .text.get_status
                0x0000581a       0x24 contiki-sky.a(cc2420.o)
 .text.set_txpower
                0x0000583e       0x26 contiki-sky.a(cc2420.o)
 .text.cc2420_receiving_packet
                0x00005864        0xe contiki-sky.a(cc2420.o)
 .text.pending_packet
                0x00005872        0x8 contiki-sky.a(cc2420.o)
 .text.on       0x0000587a       0x1e contiki-sky.a(cc2420.o)
 .text.wait_for_transmission
                0x00005898       0x22 contiki-sky.a(cc2420.o)
 .text.wait_for_status
                0x000058ba       0x2a contiki-sky.a(cc2420.o)
 .text.getrxdata
                0x000058e4       0x56 contiki-sky.a(cc2420.o)
 .text.flushrx  0x0000593a       0x1a contiki-sky.a(cc2420.o)
 .text.off      0x00005954       0x5a contiki-sky.a(cc2420.o)
 .text.RELEASE_LOCK
                0x000059ae       0x28 contiki-sky.a(cc2420.o)
 .text.set_key  0x000059d6       0x18 contiki-sky.a(cc2420.o)
 .text.cc2420_prepare
                0x000059ee       0x3c contiki-sky.a(cc2420.o)
 .text.cc2420_on
                0x00005a2a       0x22 contiki-sky.a(cc2420.o)
                0x00005a2a                cc2420_on
 .text.cc2420_off
                0x00005a4c       0x30 contiki-sky.a(cc2420.o)
                0x00005a4c                cc2420_off
 .text.cc2420_cca
                0x00005a7c       0x5e contiki-sky.a(cc2420.o)
 .text.cc2420_read
                0x00005ada       0xb2 contiki-sky.a(cc2420.o)
 .text.process_thread_cc2420_process
                0x00005b8c       0x56 contiki-sky.a(cc2420.o)
 .text.encrypt  0x00005be2       0x8e contiki-sky.a(cc2420.o)
 .text.cc2420_set_channel
                0x00005c70       0x3c contiki-sky.a(cc2420.o)
                0x00005c70                cc2420_set_channel
 .text.cc2420_set_pan_addr
                0x00005cac       0x4c contiki-sky.a(cc2420.o)
                0x00005cac                cc2420_set_pan_addr
 .text.cc2420_interrupt
                0x00005cf8       0x18 contiki-sky.a(cc2420.o)
                0x00005cf8                cc2420_interrupt
 .text.cc2420_set_txpower
                0x00005d10        0xe contiki-sky.a(cc2420.o)
                0x00005d10                cc2420_set_txpower
 .text.cc2420_get_txpower
                0x00005d1e       0x1e contiki-sky.a(cc2420.o)
                0x00005d1e                cc2420_get_txpower
 .text.cc2420_transmit
                0x00005d3c      0x146 contiki-sky.a(cc2420.o)
 .text.cc2420_send
                0x00005e82       0x12 contiki-sky.a(cc2420.o)
 .text.cc2420_rssi
                0x00005e94       0x4c contiki-sky.a(cc2420.o)
                0x00005e94                cc2420_rssi
 .text.get_value
                0x00005ee0       0xac contiki-sky.a(cc2420.o)
 .text.cc2420_set_cca_threshold
                0x00005f8c       0x16 contiki-sky.a(cc2420.o)
                0x00005f8c                cc2420_set_cca_threshold
 .text.set_value
                0x00005fa2       0x8a contiki-sky.a(cc2420.o)
 .text.cc2420_init
                0x0000602c       0xe2 contiki-sky.a(cc2420.o)
                0x0000602c                cc2420_init
 .text.cc2420_port1_interrupt
                0x0000610e       0x62 contiki-sky.a(cc2420-arch.o)
                0x0000610e                __isr_4
                0x0000610e                cc2420_port1_interrupt
 .text.cc2420_arch_init
                0x00006170       0x1a contiki-sky.a(cc2420-arch.o)
                0x00006170                cc2420_arch_init
 .text.handle_rxdma_timer
                0x0000618a       0x3a contiki-sky.a(uart1.o)
 .text.uart1_active
                0x000061c4       0x1a contiki-sky.a(uart1.o)
                0x000061c4                uart1_active
 .text.uart1_set_input
                0x000061de       0x20 contiki-sky.a(uart1.o)
                0x000061de                uart1_set_input
 .text.uart1_writeb
                0x000061fe       0x1a contiki-sky.a(uart1.o)
                0x000061fe                uart1_writeb
 .text.uart1_init
                0x00006218       0xf6 contiki-sky.a(uart1.o)
                0x00006218                uart1_init
 .text.putchar  0x0000630e       0x10 contiki-sky.a(uart1-putchar.o)
                0x0000630e                putchar
 .text.msp430_init_dco
                0x0000631e       0x84 contiki-sky.a(msp430.o)
                0x0000631e                msp430_init_dco
 .text.msp430_add_lpm_req
                0x000063a2        0xc contiki-sky.a(msp430.o)
                0x000063a2                msp430_add_lpm_req
 .text.msp430_cpu_init
                0x000063ae       0x2a contiki-sky.a(msp430.o)
                0x000063ae                msp430_cpu_init
 .text.splhigh_
                0x000063d8        0x8 contiki-sky.a(msp430.o)
                0x000063d8                splhigh_
 .text.msp430_sync_dco
                0x000063e0       0x68 contiki-sky.a(msp430.o)
                0x000063e0                msp430_sync_dco
 .text.timera1  0x00006448      0x11e contiki-sky.a(clock.o)
                0x00006448                __isr_5
                0x00006448                timera1
 .text.clock_time
                0x00006566       0x1a contiki-sky.a(clock.o)
                0x00006566                clock_time
 .text.clock_init
                0x00006580       0x28 contiki-sky.a(clock.o)
                0x00006580                clock_init
 .text.clock_delay
                0x000065a8        0xc contiki-sky.a(clock.o)
                0x000065a8                clock_delay
 .text.show_leds
                0x000065b4       0xf6 contiki-sky.a(leds.o)
 .text.leds_init
                0x000066aa        0xa contiki-sky.a(leds.o)
                0x000066aa                leds_init
 .text.leds_on  0x000066b4        0xa contiki-sky.a(leds.o)
                0x000066b4                leds_on
 .text.leds_off
                0x000066be        0xe contiki-sky.a(leds.o)
                0x000066be                leds_off
 .text.leds_arch_init
                0x000066cc        0xe contiki-sky.a(leds-arch.o)
                0x000066cc                leds_arch_init
 .text.leds_arch_set
                0x000066da       0x3a contiki-sky.a(leds-arch.o)
                0x000066da                leds_arch_set
 .text.watchdog_interrupt
                0x00006714        0x6 contiki-sky.a(watchdog.o)
                0x00006714                __isr_10
                0x00006714                watchdog_interrupt
 .text.watchdog_start
                0x0000671a       0x14 contiki-sky.a(watchdog.o)
                0x0000671a                watchdog_start
 .text.watchdog_periodic
                0x0000672e       0x12 contiki-sky.a(watchdog.o)
                0x0000672e                watchdog_periodic
 .text.watchdog_stop
                0x00006740       0x16 contiki-sky.a(watchdog.o)
                0x00006740                watchdog_stop
 .text.watchdog_init
                0x00006756       0x14 contiki-sky.a(watchdog.o)
                0x00006756                watchdog_init
 .text.rtimer_arch_init
                0x0000676a        0xe contiki-sky.a(rtimer-arch.o)
                0x0000676a                rtimer_arch_init
 .text.rtimer_arch_now
                0x00006778        0xe contiki-sky.a(rtimer-arch.o)
                0x00006778                rtimer_arch_now
 .text.timera0  0x00006786       0x70 contiki-sky.a(rtimer-arch.o)
                0x00006786                __isr_6
                0x00006786                timera0
 .text.rtimer_arch_schedule
                0x000067f6        0x6 contiki-sky.a(rtimer-arch.o)
                0x000067f6                rtimer_arch_schedule
 .text.autostart_start
                0x000067fc       0x16 contiki-sky.a(autostart.o)
                0x000067fc                autostart_start
 .text.process_thread_ctimer_process
                0x00006812       0xa4 contiki-sky.a(ctimer.o)
 .text.ctimer_init
                0x000068b6       0x18 contiki-sky.a(ctimer.o)
                0x000068b6                ctimer_init
 .text.ctimer_set
                0x000068ce       0x50 contiki-sky.a(ctimer.o)
                0x000068ce                ctimer_set
 .text.ctimer_reset
                0x0000691e       0x30 contiki-sky.a(ctimer.o)
                0x0000691e                ctimer_reset
 .text.energest_init
                0x0000694e       0x28 contiki-sky.a(energest.o)
                0x0000694e                energest_init
 .text.energest_type_time
                0x00006976       0x46 contiki-sky.a(energest.o)
                0x00006976                energest_type_time
 .text.energest_type_set
                0x000069bc        0xe contiki-sky.a(energest.o)
                0x000069bc                energest_type_set
 .text.energest_flush
                0x000069ca       0x48 contiki-sky.a(energest.o)
                0x000069ca                energest_flush
 .text.update_time
                0x00006a12       0x78 contiki-sky.a(etimer.o)
 .text.etimer_request_poll
                0x00006a8a        0xa contiki-sky.a(etimer.o)
                0x00006a8a                etimer_request_poll
 .text.process_thread_etimer_process
                0x00006a94       0xc8 contiki-sky.a(etimer.o)
 .text.add_timer
                0x00006b5c       0x40 contiki-sky.a(etimer.o)
 .text.etimer_set
                0x00006b9c       0x12 contiki-sky.a(etimer.o)
                0x00006b9c                etimer_set
 .text.etimer_reset
                0x00006bae       0x12 contiki-sky.a(etimer.o)
                0x00006bae                etimer_reset
 .text.etimer_pending
                0x00006bc0        0xc contiki-sky.a(etimer.o)
                0x00006bc0                etimer_pending
 .text.etimer_next_expiration_time
                0x00006bcc       0x16 contiki-sky.a(etimer.o)
                0x00006bcc                etimer_next_expiration_time
 .text.call_process
                0x00006be2       0x4a contiki-sky.a(process.o)
 .text.exit_process
                0x00006c2c       0x96 contiki-sky.a(process.o)
 .text.do_poll  0x00006cc2       0x30 contiki-sky.a(process.o)
 .text.process_alloc_event
                0x00006cf2        0xe contiki-sky.a(process.o)
                0x00006cf2                process_alloc_event
 .text.process_init
                0x00006d00       0x1c contiki-sky.a(process.o)
                0x00006d00                process_init
 .text.process_run
                0x00006d1c       0xa2 contiki-sky.a(process.o)
                0x00006d1c                process_run
 .text.process_nevents
                0x00006dbe        0xe contiki-sky.a(process.o)
                0x00006dbe                process_nevents
 .text.process_post
                0x00006dcc       0x54 contiki-sky.a(process.o)
                0x00006dcc                process_post
 .text.process_post_synch
                0x00006e20       0x12 contiki-sky.a(process.o)
                0x00006e20                process_post_synch
 .text.process_start
                0x00006e32       0x32 contiki-sky.a(process.o)
                0x00006e32                process_start
 .text.process_poll
                0x00006e64       0x18 contiki-sky.a(process.o)
                0x00006e64                process_poll
 .text.rtimer_init
                0x00006e7c        0x6 contiki-sky.a(rtimer.o)
                0x00006e7c                rtimer_init
 .text.rtimer_set
                0x00006e82       0x24 contiki-sky.a(rtimer.o)
                0x00006e82                rtimer_set
 .text.rtimer_run_next
                0x00006ea6       0x26 contiki-sky.a(rtimer.o)
                0x00006ea6                rtimer_run_next
 .text.timer_set
                0x00006ecc       0x1c contiki-sky.a(timer.o)
                0x00006ecc                timer_set
 .text.timer_reset
                0x00006ee8        0xe contiki-sky.a(timer.o)
                0x00006ee8                timer_reset
 .text.timer_expired
                0x00006ef6       0x2a contiki-sky.a(timer.o)
                0x00006ef6                timer_expired
 .text.process_thread_serial_line_process
                0x00006f20       0x9c contiki-sky.a(serial-line.o)
 .text.serial_line_input_byte
                0x00006fbc       0x4a contiki-sky.a(serial-line.o)
                0x00006fbc                serial_line_input_byte
 .text.serial_line_init
                0x00007006       0x1c contiki-sky.a(serial-line.o)
                0x00007006                serial_line_init
 .text.list_init
                0x00007022        0x6 contiki-sky.a(list.o)
                0x00007022                list_init
 .text.list_head
                0x00007028        0x4 contiki-sky.a(list.o)
                0x00007028                list_head
 .text.list_tail
                0x0000702c       0x12 contiki-sky.a(list.o)
                0x0000702c                list_tail
 .text.list_remove
                0x0000703e       0x34 contiki-sky.a(list.o)
                0x0000703e                list_remove
 .text.list_add
                0x00007072       0x2a contiki-sky.a(list.o)
                0x00007072                list_add
 .text.list_item_next
                0x0000709c        0xc contiki-sky.a(list.o)
                0x0000709c                list_item_next
 .text.random_init
                0x000070a8        0x6 contiki-sky.a(random.o)
                0x000070a8                random_init
 .text.random_rand
                0x000070ae        0x6 contiki-sky.a(random.o)
                0x000070ae                random_rand
 .text.ringbuf_init
                0x000070b4       0x14 contiki-sky.a(ringbuf.o)
                0x000070b4                ringbuf_init
 .text.ringbuf_put
                0x000070c8       0x38 contiki-sky.a(ringbuf.o)
                0x000070c8                ringbuf_put
 .text.ringbuf_get
                0x00007100       0x32 contiki-sky.a(ringbuf.o)
                0x00007100                ringbuf_get
 .text.input    0x00007132       0x3a contiki-sky.a(rime.o)
 .text.init     0x0000716c       0x2e contiki-sky.a(rime.o)
 .text.packet_sent
                0x0000719a       0x44 contiki-sky.a(rime.o)
 .text.rime_output
                0x000071de       0x24 contiki-sky.a(rime.o)
                0x000071de                rime_output
 .text.send_packet
                0x00007202        0x6 contiki-sky.a(nullmac.o)
 .text.packet_input
                0x00007208        0x6 contiki-sky.a(nullmac.o)
 .text.on       0x0000720e        0x6 contiki-sky.a(nullmac.o)
 .text.off      0x00007214        0x6 contiki-sky.a(nullmac.o)
 .text.channel_check_interval
                0x0000721a        0x4 contiki-sky.a(nullmac.o)
 .text.init     0x0000721e        0x2 contiki-sky.a(nullmac.o)
 .text.on       0x00007220        0x6 contiki-sky.a(nullrdc.o)
 .text.channel_check_interval
                0x00007226        0x4 contiki-sky.a(nullrdc.o)
 .text.init     0x0000722a        0x6 contiki-sky.a(nullrdc.o)
 .text.send_one_packet
                0x00007230       0x6a contiki-sky.a(nullrdc.o)
 .text.send_list
                0x0000729a       0x30 contiki-sky.a(nullrdc.o)
 .text.send_packet
                0x000072ca        0x6 contiki-sky.a(nullrdc.o)
 .text.off      0x000072d0       0x10 contiki-sky.a(nullrdc.o)
 .text.packet_input
                0x000072e0       0x2a contiki-sky.a(nullrdc.o)
 .text.linkaddr_copy
                0x0000730a        0xc contiki-sky.a(linkaddr.o)
                0x0000730a                linkaddr_copy
 .text.linkaddr_cmp
                0x00007316       0x12 contiki-sky.a(linkaddr.o)
                0x00007316                linkaddr_cmp
 .text.linkaddr_set_node_addr
                0x00007328        0xc contiki-sky.a(linkaddr.o)
                0x00007328                linkaddr_set_node_addr
 .text.packetbuf_compact
                0x00007334       0x2e contiki-sky.a(packetbuf.o)
                0x00007334                packetbuf_compact
 .text.packetbuf_hdrreduce
                0x00007362       0x1a contiki-sky.a(packetbuf.o)
                0x00007362                packetbuf_hdrreduce
 .text.packetbuf_set_datalen
                0x0000737c        0x6 contiki-sky.a(packetbuf.o)
                0x0000737c                packetbuf_set_datalen
 .text.packetbuf_dataptr
                0x00007382        0xe contiki-sky.a(packetbuf.o)
                0x00007382                packetbuf_dataptr
 .text.packetbuf_hdrptr
                0x00007390        0xa contiki-sky.a(packetbuf.o)
                0x00007390                packetbuf_hdrptr
 .text.packetbuf_datalen
                0x0000739a        0x6 contiki-sky.a(packetbuf.o)
                0x0000739a                packetbuf_datalen
 .text.packetbuf_hdrlen
                0x000073a0       0x10 contiki-sky.a(packetbuf.o)
                0x000073a0                packetbuf_hdrlen
 .text.packetbuf_totlen
                0x000073b0        0xc contiki-sky.a(packetbuf.o)
                0x000073b0                packetbuf_totlen
 .text.packetbuf_hdralloc
                0x000073bc       0x2e contiki-sky.a(packetbuf.o)
                0x000073bc                packetbuf_hdralloc
 .text.packetbuf_attr_clear
                0x000073ea       0x2c contiki-sky.a(packetbuf.o)
                0x000073ea                packetbuf_attr_clear
 .text.packetbuf_clear
                0x00007416       0x1a contiki-sky.a(packetbuf.o)
                0x00007416                packetbuf_clear
 .text.packetbuf_copyfrom
                0x00007430       0x2e contiki-sky.a(packetbuf.o)
                0x00007430                packetbuf_copyfrom
 .text.packetbuf_attr_copyfrom
                0x0000745e       0x22 contiki-sky.a(packetbuf.o)
                0x0000745e                packetbuf_attr_copyfrom
 .text.packetbuf_set_attr
                0x00007480        0xc contiki-sky.a(packetbuf.o)
                0x00007480                packetbuf_set_attr
 .text.packetbuf_attr
                0x0000748c        0xa contiki-sky.a(packetbuf.o)
                0x0000748c                packetbuf_attr
 .text.packetbuf_set_addr
                0x00007496       0x14 contiki-sky.a(packetbuf.o)
                0x00007496                packetbuf_set_addr
 .text.packetbuf_addr
                0x000074aa        0xe contiki-sky.a(packetbuf.o)
                0x000074aa                packetbuf_addr
 .text.packetbuf_holds_broadcast
                0x000074b8        0xe contiki-sky.a(packetbuf.o)
                0x000074b8                packetbuf_holds_broadcast
 .text.queuebuf_init
                0x000074c6       0x12 contiki-sky.a(queuebuf.o)
                0x000074c6                queuebuf_init
 .text.queuebuf_to_packetbuf
                0x000074d8       0x32 contiki-sky.a(queuebuf.o)
                0x000074d8                queuebuf_to_packetbuf
 .text.bootstrap
                0x0000750a        0x4 contiki-sky.a(nullsec.o)
 .text.on_frame_created
                0x0000750e        0x4 contiki-sky.a(nullsec.o)
 .text.input    0x00007512        0x6 contiki-sky.a(nullsec.o)
 .text.get_overhead
                0x00007518        0x4 contiki-sky.a(nullsec.o)
 .text.send     0x0000751c       0x20 contiki-sky.a(nullsec.o)
 .text.radio_flush_tx
                0x0000753c       0x1a contiki-sky.a(tailored-glossy)
 .text.radio_write_tx
                0x00007556       0x4a contiki-sky.a(tailored-glossy)
 .text.radio_off
                0x000075a0       0x7e contiki-sky.a(tailored-glossy)
 .text.radio_start_tx
                0x0000761e       0x5a contiki-sky.a(tailored-glossy)
 .text.process_thread_tailored_glossy_process
                0x00007678       0x70 contiki-sky.a(tailored-glossy)
 .text.radio_flush_rx
                0x000076e8       0x62 contiki-sky.a(tailored-glossy)
 .text.radio_abort_rx
                0x0000774a        0xc contiki-sky.a(tailored-glossy)
 .text.tailored_glossy_start
                0x00007756      0x1ae contiki-sky.a(tailored-glossy)
                0x00007756                tailored_glossy_start
 .text.tailored_glossy_stop
                0x00007904       0x98 contiki-sky.a(tailored-glossy)
                0x00007904                tailored_glossy_stop
 .text.get_rx_cnt
                0x0000799c        0x6 contiki-sky.a(tailored-glossy)
                0x0000799c                get_rx_cnt
 .text.is_t_ref_l_updated
                0x000079a2        0x6 contiki-sky.a(tailored-glossy)
                0x000079a2                is_t_ref_l_updated
 .text.get_t_ref_l
                0x000079a8        0x6 contiki-sky.a(tailored-glossy)
                0x000079a8                get_t_ref_l
 .text.set_t_ref_l
                0x000079ae        0x6 contiki-sky.a(tailored-glossy)
                0x000079ae                set_t_ref_l
 .text.set_t_ref_l_updated
                0x000079b4        0x6 contiki-sky.a(tailored-glossy)
                0x000079b4                set_t_ref_l_updated
 .text.get_my_hop
                0x000079ba        0x6 contiki-sky.a(tailored-glossy)
                0x000079ba                get_my_hop
 .text.glossy_end_rx
                0x000079c0      0x196 contiki-sky.a(tailored-glossy)
                0x000079c0                glossy_end_rx
 .text.glossy_begin_tx
                0x00007b56       0xde contiki-sky.a(tailored-glossy)
                0x00007b56                glossy_begin_tx
 .text.glossy_end_tx
                0x00007c34       0x84 contiki-sky.a(tailored-glossy)
                0x00007c34                glossy_end_tx
 .text.glossy_schedule_rx_timeout
                0x00007cb8        0xe contiki-sky.a(tailored-glossy)
                0x00007cb8                glossy_schedule_rx_timeout
 .text.glossy_begin_rx
                0x00007cc6      0x1ce contiki-sky.a(tailored-glossy)
                0x00007cc6                glossy_begin_rx
 .text.spi_init
                0x00007e94       0x32 contiki-sky.a(spi.o)
                0x00007e94                spi_init
 .text.init     0x00007ec6        0x4 contiki-sky.a(nullradio.o)
 .text.prepare  0x00007eca        0x4 contiki-sky.a(nullradio.o)
 .text.transmit
                0x00007ece        0x4 contiki-sky.a(nullradio.o)
 .text.send     0x00007ed2        0x4 contiki-sky.a(nullradio.o)
 .text.radio_read
                0x00007ed6        0x4 contiki-sky.a(nullradio.o)
 .text.channel_clear
                0x00007eda        0x4 contiki-sky.a(nullradio.o)
 .text.receiving_packet
                0x00007ede        0x4 contiki-sky.a(nullradio.o)
 .text.pending_packet
                0x00007ee2        0x4 contiki-sky.a(nullradio.o)
 .text.on       0x00007ee6        0x4 contiki-sky.a(nullradio.o)
 .text.off      0x00007eea        0x4 contiki-sky.a(nullradio.o)
 .text.get_value
                0x00007eee        0x4 contiki-sky.a(nullradio.o)
 .text.set_value
                0x00007ef2        0x4 contiki-sky.a(nullradio.o)
 .text.get_object
                0x00007ef6        0x4 contiki-sky.a(nullradio.o)
 .text.set_object
                0x00007efa        0x4 contiki-sky.a(nullradio.o)
 .text.memb_init
                0x00007efe       0x36 contiki-sky.a(memb.o)
                0x00007efe                memb_init
 .text.memb_inmemb
                0x00007f34       0x2e contiki-sky.a(memb.o)
                0x00007f34                memb_inmemb
 .text.abc_open
                0x00007f62       0x26 contiki-sky.a(abc.o)
                0x00007f62                abc_open
 .text.abc_send
                0x00007f88        0x6 contiki-sky.a(abc.o)
                0x00007f88                abc_send
 .text.abc_input
                0x00007f8e        0xe contiki-sky.a(abc.o)
                0x00007f8e                abc_input
 .text.abc_sent
                0x00007f9c       0x10 contiki-sky.a(abc.o)
                0x00007f9c                abc_sent
 .text.announcement_init
                0x00007fac        0xa contiki-sky.a(announcement.o)
                0x00007fac                announcement_init
 .text.announcement_register_observer_callback
                0x00007fb6        0x6 contiki-sky.a(announcement.o)
                0x00007fb6                announcement_register_observer_callback
 .text.announcement_list
                0x00007fbc        0xa contiki-sky.a(announcement.o)
                0x00007fbc                announcement_list
 .text.announcement_heard
                0x00007fc6       0x42 contiki-sky.a(announcement.o)
                0x00007fc6                announcement_heard
 .text.adv_packet_sent
                0x00008008        0x2 contiki-sky.a(broadcast-annou)
 .text.adv_packet_received
                0x0000800a       0x66 contiki-sky.a(broadcast-annou)
 .text.set_timers
                0x00008070       0x4a contiki-sky.a(broadcast-annou)
 .text.send_timer
                0x000080ba       0x36 contiki-sky.a(broadcast-annou)
 .text.new_announcement
                0x000080f0       0x18 contiki-sky.a(broadcast-annou)
 .text.send_adv
                0x00008108       0x66 contiki-sky.a(broadcast-annou)
 .text.broadcast_announcement_init
                0x0000816e       0x48 contiki-sky.a(broadcast-annou)
                0x0000816e                broadcast_announcement_init
 .text.sent_by_abc
                0x000081b6       0x10 contiki-sky.a(broadcast.o)
 .text.recv_from_abc
                0x000081c6       0x2c contiki-sky.a(broadcast.o)
 .text.broadcast_open
                0x000081f2       0x2a contiki-sky.a(broadcast.o)
                0x000081f2                broadcast_open
 .text.broadcast_send
                0x0000821c       0x1a contiki-sky.a(broadcast.o)
                0x0000821c                broadcast_send
 .text.chameleon_init
                0x00008236        0x6 contiki-sky.a(chameleon.o)
                0x00008236                chameleon_init
 .text.chameleon_parse
                0x0000823c       0x1c contiki-sky.a(chameleon.o)
                0x0000823c                chameleon_parse
 .text.chameleon_create
                0x00008258       0x24 contiki-sky.a(chameleon.o)
                0x00008258                chameleon_create
 .text.chameleon_hdrsize
                0x0000827c        0x6 contiki-sky.a(chameleon.o)
                0x0000827c                chameleon_hdrsize
 .text.channel_init
                0x00008282        0xa contiki-sky.a(channel.o)
                0x00008282                channel_init
 .text.channel_open
                0x0000828c       0x10 contiki-sky.a(channel.o)
                0x0000828c                channel_open
 .text.channel_lookup
                0x0000829c       0x20 contiki-sky.a(channel.o)
                0x0000829c                channel_lookup
 .text.channel_set_attributes
                0x000082bc       0x24 contiki-sky.a(channel.o)
                0x000082bc                channel_set_attributes
 .text.hdr_length
                0x000082e0        0x4 contiki-sky.a(framer-nullmac.)
 .text.parse    0x000082e4       0x32 contiki-sky.a(framer-nullmac.)
 .text.create   0x00008316       0x36 contiki-sky.a(framer-nullmac.)
 .text.mac_call_sent_callback
                0x0000834c       0x14 contiki-sky.a(mac.o)
                0x0000834c                mac_call_sent_callback
 .text.header_size
                0x00008360       0x16 contiki-sky.a(chameleon-bitop)
 .text.get_bits_in_byte
                0x00008376       0x3a contiki-sky.a(chameleon-bitop)
                0x00008376                get_bits_in_byte
 .text.get_bits
                0x000083b0       0xa4 contiki-sky.a(chameleon-bitop)
                0x000083b0                get_bits
 .text.unpack_header
                0x00008454       0xca contiki-sky.a(chameleon-bitop)
 .text.set_bits_in_byte
                0x0000851e       0x2c contiki-sky.a(chameleon-bitop)
                0x0000851e                set_bits_in_byte
 .text.set_bits
                0x0000854a       0xd2 contiki-sky.a(chameleon-bitop)
                0x0000854a                set_bits
 .text.pack_header
                0x0000861c       0xbc contiki-sky.a(chameleon-bitop)
 .text.framer_canonical_create_and_secure
                0x000086d8       0x20 contiki-sky.a(framer.o)
                0x000086d8                framer_canonical_create_and_secure
 .text.libgcc   0x000086f8       0x2c /usr/lib/gcc/msp430/4.6.3/mmpy-16/libgcc.a(_mulsi3.o)
                0x000086f8                __mulsi3
 .text.libgcc   0x00008724       0x22 /usr/lib/gcc/msp430/4.6.3/mmpy-16/libgcc.a(_udivmod16.o)
                0x00008724                __udivhi3
                0x00008724                __ext_udivmod16
                0x0000873e                __umodhi3
 .text.libgcc   0x00008746       0x40 /usr/lib/gcc/msp430/4.6.3/mmpy-16/libgcc.a(_udivmod32.o)
                0x00008746                __udivsi3
                0x00008746                __ext_udivmod32
                0x0000877c                __umodsi3
 .text.libgcc   0x00008786       0x4c /usr/lib/gcc/msp430/4.6.3/mmpy-16/libgcc.a(_divmod32.o)
                0x00008786                __ext_divmod32
                0x00008786                __divsi3
                0x000087c8                __modsi3
 .text          0x000087d2       0x20 /usr/lib/gcc/msp430/4.6.3/../../../../msp430/lib/mmpy-16/libc.a(memcmp.o)
                0x000087d2                memcmp
 .text          0x000087f2       0xfa /usr/lib/gcc/msp430/4.6.3/../../../../msp430/lib/mmpy-16/libc.a(memcpy.o)
                0x000087f2                memcpy
 .text          0x000088ec       0x6a /usr/lib/gcc/msp430/4.6.3/../../../../msp430/lib/mmpy-16/libc.a(memset.o)
                0x000088ec                memset
 .text          0x00008956      0x114 /usr/lib/gcc/msp430/4.6.3/../../../../msp430/lib/mmpy-16/libc.a(malloc.o)
                0x00008956                malloc
                0x00008a62                free
 .text          0x00008a6a       0x1e /usr/lib/gcc/msp430/4.6.3/../../../../msp430/lib/mmpy-16/libc.a(printf.o)
                0x00008a6a                printf
                0x00008a7a                vprintf
 .text          0x00008a88      0x836 /usr/lib/gcc/msp430/4.6.3/../../../../msp430/lib/mmpy-16/libc.a(vuprintf.o)
                0x00008c20                vuprintf
 .text          0x000092be       0x2c /usr/lib/gcc/msp430/4.6.3/../../../../msp430/lib/mmpy-16/libc.a(puts.o)
                0x000092be                puts
 .text          0x000092ea       0x54 /usr/lib/gcc/msp430/4.6.3/../../../../msp430/lib/mmpy-16/libc.a(rand.o)
                0x000092ea                rand_r
                0x0000930e                rand
                0x00009334                srand
 .text.libgcc   0x0000933e       0xf0 /usr/lib/gcc/msp430/4.6.3/mmpy-16/libgcc.a(_udivmod64.o)
                0x0000933e                __xabi_udivmod64
                0x0000939c                __udivdi3
                0x000093c2                __umoddi3
                0x000093f0                __udivmoddi4
 .text.crt0     0x0000942e        0x2 /usr/lib/gcc/msp430/4.6.3/mmpy-16/libcrt0.a(_unexpected_.o)
                0x0000942e                _unexpected_
                0x00009430                . = ALIGN (0x2)

.rodata         0x00009430      0x328
                0x00009430                . = ALIGN (0x2)
 *(.rodata .rodata.* .gnu.linkonce.r.*)
 .rodata        0x00009430        0xe lwb-test.co
                0x00009430                autostart_processes
 .rodata        0x0000943e       0xd7 obj_sky/contiki-sky-main.o
 .rodata        0x00009515       0x4e contiki-sky.a(tailored-lwb.o)
 .rodata        0x00009563       0xa3 contiki-sky.a(energy-stats.o)
 .rodata        0x00009606       0x10 contiki-sky.a(button-sensor.o)
                0x0000960e                button_sensor
 .rodata        0x00009616        0x8 contiki-sky.a(sensors.o)
 .rodata        0x0000961e       0x5a contiki-sky.a(cc2420.o)
                0x0000963a                cc2420_aes_128_driver
                0x0000963e                cc2420_driver
 .rodata        0x00009678        0xf contiki-sky.a(ctimer.o)
 .rodata        0x00009687        0xc contiki-sky.a(etimer.o)
 .rodata        0x00009693        0xe contiki-sky.a(serial-line.o)
 *fill*         0x000096a1        0x1 00
 .rodata        0x000096a2        0xc contiki-sky.a(rime.o)
                0x000096a8                rime_driver
 .rodata        0x000096ae       0x16 contiki-sky.a(nullmac.o)
                0x000096b6                nullmac_driver
 .rodata        0x000096c4       0x18 contiki-sky.a(nullrdc.o)
                0x000096cc                nullrdc_driver
 .rodata        0x000096dc        0x2 contiki-sky.a(linkaddr.o)
                0x000096dc                linkaddr_null
 .rodata        0x000096de       0x14 contiki-sky.a(nullsec.o)
                0x000096e6                nullsec_driver
 .rodata        0x000096f2       0x1c contiki-sky.a(tailored-glossy)
 .rodata        0x0000970e       0x1c contiki-sky.a(nullradio.o)
                0x0000970e                nullradio_driver
 .rodata        0x0000972a        0x2 contiki-sky.a(abc.o)
 .rodata        0x0000972c        0x4 contiki-sky.a(broadcast-annou)
 .rodata        0x00009730        0x8 contiki-sky.a(broadcast.o)
 .rodata        0x00009738        0x8 contiki-sky.a(framer-nullmac.)
                0x00009738                framer_nullmac
 .rodata        0x00009740       0x10 contiki-sky.a(chameleon-bitop)
                0x00009740                chameleon_bitopt
 .rodata        0x00009750        0x7 /usr/lib/gcc/msp430/4.6.3/../../../../msp430/lib/mmpy-16/libc.a(vuprintf.o)
                0x00009758                . = ALIGN (0x2)
 *fill*         0x00009757        0x1 00
                0x00009758                _etext = .

.data           0x00001100       0x76 load address 0x00009758
                0x00001100                . = ALIGN (0x2)
                0x00001100                PROVIDE (__data_start, .)
 *(.data .data.* .gnu.linkonce.d.*)
 .data          0x00001100        0xa lwb-test.co
                0x00001100                lwb_test
 .data          0x0000110a       0x16 contiki-sky.a(tailored-lwb.o)
                0x0000110a                tailored_lwb_process
                0x00001114                tailored_lwb_print_process
 .data          0x00001120        0x4 contiki-sky.a(contiki-sky-pla)
                0x00001120                sensors
 .data          0x00001124        0xa contiki-sky.a(sensors.o)
                0x00001124                sensors_process
 .data          0x0000112e        0xa contiki-sky.a(cc2420.o)
                0x0000112e                cc2420_process
 .data          0x00001138        0x2 contiki-sky.a(msp430.o)
 .data          0x0000113a        0xa contiki-sky.a(ctimer.o)
                0x0000113a                ctimer_process
 .data          0x00001144        0xa contiki-sky.a(etimer.o)
                0x00001144                etimer_process
 .data          0x0000114e        0xa contiki-sky.a(serial-line.o)
                0x0000114e                serial_line_process
 .data          0x00001158       0x10 contiki-sky.a(queuebuf.o)
 .data          0x00001168        0xa contiki-sky.a(tailored-glossy)
                0x00001168                tailored_glossy_process
 .data          0x00001172        0x4 /usr/lib/gcc/msp430/4.6.3/../../../../msp430/lib/mmpy-16/libc.a(rand.o)
                0x00001176                . = ALIGN (0x2)
                0x00001176                _edata = .
                0x00009758                PROVIDE (__data_load_start, LOADADDR (.data))
                0x00000076                PROVIDE (__data_size, SIZEOF (.data))

.bss            0x00001176      0xc2c load address 0x000097ce
                0x00001176                PROVIDE (__bss_start, .)
 *(.bss .bss.*)
 .bss           0x00001176        0xc obj_sky/contiki-sky-main.o
 .bss           0x00001182       0x7e contiki-sky.a(tailored-lwb.o)
 .bss           0x00001200      0x130 contiki-sky.a(slot-allocation)
 .bss           0x00001330       0x28 contiki-sky.a(slot-participat)
 .bss           0x00001358       0x12 contiki-sky.a(energy-stats.o)
 .bss           0x0000136a        0x8 contiki-sky.a(button-sensor.o)
 .bss           0x00001372        0x2 contiki-sky.a(node-id.o)
                0x00001372                node_id
 .bss           0x00001374        0x6 contiki-sky.a(sensors.o)
 .bss           0x0000137a        0x8 contiki-sky.a(cc2420.o)
 .bss           0x00001382       0x9a contiki-sky.a(uart1.o)
 .bss           0x0000141c        0xa contiki-sky.a(clock.o)
 .bss           0x00001426        0x1 contiki-sky.a(leds.o)
 *fill*         0x00001427        0x1 00
 .bss           0x00001428        0x2 contiki-sky.a(watchdog.o)
 .bss           0x0000142a        0x4 contiki-sky.a(ctimer.o)
 .bss           0x0000142e        0x6 contiki-sky.a(etimer.o)
 .bss           0x00001434       0x42 contiki-sky.a(process.o)
                0x00001434                process_current
                0x00001436                process_list
 .bss           0x00001476        0x2 contiki-sky.a(rtimer.o)
 .bss           0x00001478      0x10a contiki-sky.a(serial-line.o)
 .bss           0x00001582        0x2 contiki-sky.a(rime.o)
 .bss           0x00001584       0xb8 contiki-sky.a(packetbuf.o)
 .bss           0x0000163c      0x610 contiki-sky.a(queuebuf.o)
 .bss           0x00001c4c       0x50 contiki-sky.a(tailored-glossy)
 .bss           0x00001c9c        0x6 contiki-sky.a(announcement.o)
 .bss           0x00001ca2       0x46 contiki-sky.a(broadcast-annou)
 .bss           0x00001ce8        0x2 contiki-sky.a(channel.o)
 .bss           0x00001cea        0x1 /usr/lib/gcc/msp430/4.6.3/../../../../msp430/lib/mmpy-16/libc.a(malloc.o)
 *(COMMON)
 *fill*         0x00001ceb        0x1 00
 COMMON         0x00001cec        0x2 contiki-sky.a(contiki-sky-pla)
                0x00001cec                sensors_flags
 COMMON         0x00001cee        0x8 contiki-sky.a(ds2411.o)
                0x00001cee                ds2411_id
 COMMON         0x00001cf6        0x1 contiki-sky.a(sensors.o)
                0x00001cf6                sensors_event
 *fill*         0x00001cf7        0x1 00
 COMMON         0x00001cf8       0x10 contiki-sky.a(cc2420.o)
                0x00001cf8                cc2420_last_rssi
                0x00001cfa                cc2420_sfd_start_time
                0x00001cfc                cc2420_time_of_departure
                0x00001cfe                cc2420_time_of_arrival
                0x00001d00                cc2420_last_correlation
                0x00001d02                cc2420_authority_level_of_sender
                0x00001d04                cc2420_sfd_counter
                0x00001d06                cc2420_sfd_end_time
 COMMON         0x00001d08        0x2 contiki-sky.a(msp430.o)
                0x00001d08                msp430_dco_required
 COMMON         0x00001d0a       0x56 contiki-sky.a(energest.o)
                0x00001d0a                energest_total_time
                0x00001d3a                energest_total_count
                0x00001d3c                energest_current_mode
                0x00001d48                energest_current_time
 COMMON         0x00001d60        0x1 contiki-sky.a(process.o)
                0x00001d60                process_maxevents
 COMMON         0x00001d61        0x1 contiki-sky.a(serial-line.o)
                0x00001d61                serial_line_event_message
 COMMON         0x00001d62        0x2 contiki-sky.a(linkaddr.o)
                0x00001d62                linkaddr_node_addr
 COMMON         0x00001d64       0x3c contiki-sky.a(packetbuf.o)
                0x00001d64                packetbuf_addrs
                0x00001d6c                packetbuf_attrs
 COMMON         0x00001da0        0x1 contiki-sky.a(tailored-glossy)
                0x00001da0                rssi
                0x00001da2                . = ALIGN (0x2)
 *fill*         0x00001da1        0x1 00
                0x00001da2                PROVIDE (__bss_end, .)
                0x00000c2c                PROVIDE (__bss_size, SIZEOF (.bss))

.noinit         0x00001da2        0x2 load address 0x000097ce
                0x00001da2                PROVIDE (__noinit_start, .)
 *(.noinit .noinit.*)
 .noinit.crt0   0x00001da2        0x2 /usr/lib/gcc/msp430/4.6.3/mmpy-16/libcrt0.a(__watchdog_support.o)
                0x00001da2                __wdt_clear_value
                0x00001da4                . = ALIGN (0x2)
                0x00001da4                PROVIDE (__noinit_end, .)
                0x00001da4                . = ALIGN (0x2)
                0x00001da4                _end = .

.infomem        0x00001000        0x0
 *(.infomem)
                0x00001000                . = ALIGN (0x2)
 *(.infomem.*)

.infomemnobits  0x00001000        0x0
 *(.infomemnobits)
                0x00001000                . = ALIGN (0x2)
 *(.infomemnobits.*)

.infoa
 *(.infoa .infoa.*)

.infob
 *(.infob .infob.*)

.infoc
 *(.infoc .infoc.*)

.infod
 *(.infod .infod.*)

.vectors        0x0000ffe0       0x20
                0x0000ffe0                PROVIDE (__vectors_start, .)
 *(.vectors*)
 .vectors       0x0000ffe0       0x20 /usr/lib/gcc/msp430/4.6.3/mmpy-16/crt0ivtbl16.o
                0x0000ffe0                __ivtbl_16
                0x00010000                _vectors_end = .

.fartext        0x00000000        0x0
                0x00000000                . = ALIGN (0x2)
 *(.fartext)
                0x00000000                . = ALIGN (0x2)
 *(.fartext.*)
                0x00000000                _efartext = .

.profiler
 *(.profiler)

.stab           0x00000000    0x1a454
 *(.stab)
 .stab          0x00000000      0x90c lwb-test.co
 .stab          0x0000090c     0x1224 obj_sky/contiki-sky-main.o
                               0x17ac (size before relaxing)
 .stab          0x00001b30     0x1320 contiki-sky.a(tailored-lwb.o)
                               0x1950 (size before relaxing)
 .stab          0x00002e50      0x450 contiki-sky.a(slot-allocation)
                                0xa8c (size before relaxing)
 .stab          0x000032a0      0x45c contiki-sky.a(slot-participat)
                                0xa8c (size before relaxing)
 .stab          0x000036fc      0x5dc contiki-sky.a(energy-stats.o)
                                0x954 (size before relaxing)
 .stab          0x00003cd8      0x264 contiki-sky.a(contiki-sky-pla)
                                0x5b8 (size before relaxing)
 .stab          0x00003f3c      0x468 contiki-sky.a(button-sensor.o)
                                0x7d4 (size before relaxing)
 .stab          0x000043a4      0x630 contiki-sky.a(ds2411.o)
                                0xb40 (size before relaxing)
 .stab          0x000049d4      0xa38 contiki-sky.a(xmem.o)
                                0xf60 (size before relaxing)
 .stab          0x0000540c      0x2b8 contiki-sky.a(node-id.o)
                                0x4e0 (size before relaxing)
 .stab          0x000056c4      0x654 contiki-sky.a(sensors.o)
                                0xb70 (size before relaxing)
 .stab          0x00005d18     0x25c8 contiki-sky.a(cc2420.o)
                               0x2c94 (size before relaxing)
 .stab          0x000082e0      0xabc contiki-sky.a(cc2420-arch.o)
                               0x1404 (size before relaxing)
 .stab          0x00008d9c      0x60c contiki-sky.a(uart1.o)
                                0x960 (size before relaxing)
 .stab          0x000093a8      0x27c contiki-sky.a(uart1-putchar.o)
                                0x7bc (size before relaxing)
 .stab          0x00009624      0x744 contiki-sky.a(msp430.o)
                                0xa98 (size before relaxing)
 .stab          0x00009d68      0x948 contiki-sky.a(clock.o)
                                0xc9c (size before relaxing)
 .stab          0x0000a6b0      0x5dc contiki-sky.a(leds.o)
                                0x828 (size before relaxing)
 .stab          0x0000ac8c      0x3a8 contiki-sky.a(leds-arch.o)
                                0x6fc (size before relaxing)
 .stab          0x0000b034      0x3fc contiki-sky.a(watchdog.o)
                                0x750 (size before relaxing)
 .stab          0x0000b430      0x3cc contiki-sky.a(rtimer-arch.o)
                                0x720 (size before relaxing)
 .stab          0x0000b7fc      0x294 contiki-sky.a(autostart.o)
                                0x534 (size before relaxing)
 .stab          0x0000ba90      0x7a4 contiki-sky.a(ctimer.o)
                                0xb10 (size before relaxing)
 .stab          0x0000c234      0x474 contiki-sky.a(energest.o)
                                0x6fc (size before relaxing)
 .stab          0x0000c6a8      0xa38 contiki-sky.a(etimer.o)
                                0xd08 (size before relaxing)
 .stab          0x0000d0e0      0xb7c contiki-sky.a(process.o)
                               0x1014 (size before relaxing)
 .stab          0x0000dc5c      0x3d8 contiki-sky.a(rtimer.o)
                                0x6c0 (size before relaxing)
 .stab          0x0000e034      0x354 contiki-sky.a(timer.o)
                                0x594 (size before relaxing)
 .stab          0x0000e388      0x534 contiki-sky.a(serial-line.o)
                                0xa50 (size before relaxing)
 .stab          0x0000e8bc      0x7f8 contiki-sky.a(list.o)
                                0x804 (size before relaxing)
 .stab          0x0000f0b4      0x228 contiki-sky.a(random.o)
                                0x624 (size before relaxing)
 .stab          0x0000f2dc      0x3fc contiki-sky.a(ringbuf.o)
                                0x63c (size before relaxing)
 .stab          0x0000f6d8      0xcd8 contiki-sky.a(rime.o)
                               0x141c (size before relaxing)
 .stab          0x000103b0      0x8a0 contiki-sky.a(nullmac.o)
                                0xdd4 (size before relaxing)
 .stab          0x00010c50      0x6f0 contiki-sky.a(nullrdc.o)
                               0x1044 (size before relaxing)
 .stab          0x00011340      0x2c4 contiki-sky.a(linkaddr.o)
                                0x6c0 (size before relaxing)
 .stab          0x00011604      0xf3c contiki-sky.a(packetbuf.o)
                               0x1d88 (size before relaxing)
 .stab          0x00012540      0xa5c contiki-sky.a(queuebuf.o)
                               0x1890 (size before relaxing)
 .stab          0x00012f9c      0x654 contiki-sky.a(nullsec.o)
                                0xd8c (size before relaxing)
 .stab          0x000135f0     0x1df4 contiki-sky.a(tailored-glossy)
                               0x23b8 (size before relaxing)
 .stab          0x000153e4      0x204 contiki-sky.a(spi.o)
                                0x42c (size before relaxing)
 .stab          0x000155e8      0x5dc contiki-sky.a(nullradio.o)
                                0x684 (size before relaxing)
 .stab          0x00015bc4      0x5c4 contiki-sky.a(memb.o)
                                0xaf8 (size before relaxing)
 .stab          0x00016188      0x66c contiki-sky.a(abc.o)
                               0x14a0 (size before relaxing)
 .stab          0x000167f4      0x6e4 contiki-sky.a(announcement.o)
                                0x984 (size before relaxing)
 .stab          0x00016ed8      0x96c contiki-sky.a(broadcast-annou)
                               0x15c0 (size before relaxing)
 .stab          0x00017844      0x6c0 contiki-sky.a(broadcast.o)
                               0x14f4 (size before relaxing)
 .stab          0x00017f04      0x7e0 contiki-sky.a(chameleon.o)
                               0x1230 (size before relaxing)
 .stab          0x000186e4      0x624 contiki-sky.a(channel.o)
                               0x129c (size before relaxing)
 .stab          0x00018d08      0x42c contiki-sky.a(framer-nullmac.)
                                0xc54 (size before relaxing)
 .stab          0x00019134      0x1f8 contiki-sky.a(mac.o)
                                0x4ec (size before relaxing)
 .stab          0x0001932c      0xd2c contiki-sky.a(chameleon-bitop)
                               0x19a4 (size before relaxing)
 .stab          0x0001a058      0x3fc contiki-sky.a(framer.o)
                                0xc54 (size before relaxing)

.stabstr        0x00000000    0x16ca1
 *(.stabstr)
 .stabstr       0x00000000    0x16ca1 lwb-test.co

.stab.excl
 *(.stab.excl)

.stab.exclstr
 *(.stab.exclstr)

.stab.index
 *(.stab.index)

.stab.indexstr
 *(.stab.indexstr)

.comment
 *(.comment)

.debug
 *(.debug)

.line
 *(.line)

.debug_srcinfo
 *(.debug_srcinfo)

.debug_sfnames
 *(.debug_sfnames)

.debug_aranges  0x00000000      0x190
 *(.debug_aranges)
 .debug_aranges
                0x00000000       0x14 /usr/lib/gcc/msp430/4.6.3/mmpy-16/libgcc.a(_mulsi3.o)
 .debug_aranges
                0x00000014       0x14 /usr/lib/gcc/msp430/4.6.3/mmpy-16/libgcc.a(_udivmod16.o)
 .debug_aranges
                0x00000028       0x14 /usr/lib/gcc/msp430/4.6.3/mmpy-16/libgcc.a(_udivmod32.o)
 .debug_aranges
                0x0000003c       0x14 /usr/lib/gcc/msp430/4.6.3/mmpy-16/libgcc.a(_divmod32.o)
 .debug_aranges
                0x00000050       0x14 /usr/lib/gcc/msp430/4.6.3/../../../../msp430/lib/mmpy-16/libc.a(strncmp.o)
 .debug_aranges
                0x00000064       0x14 /usr/lib/gcc/msp430/4.6.3/../../../../msp430/lib/mmpy-16/libc.a(memcmp.o)
 .debug_aranges
                0x00000078       0x14 /usr/lib/gcc/msp430/4.6.3/../../../../msp430/lib/mmpy-16/libc.a(memcpy.o)
 .debug_aranges
                0x0000008c       0x14 /usr/lib/gcc/msp430/4.6.3/../../../../msp430/lib/mmpy-16/libc.a(memset.o)
 .debug_aranges
                0x000000a0       0x14 /usr/lib/gcc/msp430/4.6.3/../../../../msp430/lib/mmpy-16/libc.a(malloc.o)
 .debug_aranges
                0x000000b4       0x14 /usr/lib/gcc/msp430/4.6.3/../../../../msp430/lib/mmpy-16/libc.a(printf.o)
 .debug_aranges
                0x000000c8       0x14 /usr/lib/gcc/msp430/4.6.3/../../../../msp430/lib/mmpy-16/libc.a(vuprintf.o)
 .debug_aranges
                0x000000dc       0x14 /usr/lib/gcc/msp430/4.6.3/../../../../msp430/lib/mmpy-16/libc.a(puts.o)
 .debug_aranges
                0x000000f0       0x14 /usr/lib/gcc/msp430/4.6.3/../../../../msp430/lib/mmpy-16/libc.a(rand.o)
 .debug_aranges
                0x00000104       0x14 /usr/lib/gcc/msp430/4.6.3/mmpy-16/libgcc.a(_udivmod64.o)
 .debug_aranges
                0x00000118       0x14 /usr/lib/gcc/msp430/4.6.3/mmpy-16/libcrt0.a(__watchdog_support.o)
 .debug_aranges
                0x0000012c       0x14 /usr/lib/gcc/msp430/4.6.3/mmpy-16/libcrt0.a(__init_stack.o)
 .debug_aranges
                0x00000140       0x14 /usr/lib/gcc/msp430/4.6.3/mmpy-16/libcrt0.a(_copy_data.o)
 .debug_aranges
                0x00000154       0x14 /usr/lib/gcc/msp430/4.6.3/mmpy-16/libcrt0.a(_clear_bss.o)
 .debug_aranges
                0x00000168       0x14 /usr/lib/gcc/msp430/4.6.3/mmpy-16/libcrt0.a(_endless_loop__.o)
 .debug_aranges
                0x0000017c       0x14 /usr/lib/gcc/msp430/4.6.3/mmpy-16/libcrt0.a(_unexpected_.o)

.debug_pubnames
 *(.debug_pubnames)

.debug_info     0x00000000     0x15c2
 *(.debug_info)
 .debug_info    0x00000000       0xd6 /usr/lib/gcc/msp430/4.6.3/mmpy-16/libgcc.a(_mulsi3.o)
 .debug_info    0x000000d6       0xd6 /usr/lib/gcc/msp430/4.6.3/mmpy-16/libgcc.a(_udivmod16.o)
 .debug_info    0x000001ac       0xd6 /usr/lib/gcc/msp430/4.6.3/mmpy-16/libgcc.a(_udivmod32.o)
 .debug_info    0x00000282       0xd6 /usr/lib/gcc/msp430/4.6.3/mmpy-16/libgcc.a(_divmod32.o)
 .debug_info    0x00000358       0xbb /usr/lib/gcc/msp430/4.6.3/../../../../msp430/lib/mmpy-16/libc.a(strncmp.o)
 .debug_info    0x00000413       0xe8 /usr/lib/gcc/msp430/4.6.3/../../../../msp430/lib/mmpy-16/libc.a(memcmp.o)
 .debug_info    0x000004fb      0x113 /usr/lib/gcc/msp430/4.6.3/../../../../msp430/lib/mmpy-16/libc.a(memcpy.o)
 .debug_info    0x0000060e       0xfe /usr/lib/gcc/msp430/4.6.3/../../../../msp430/lib/mmpy-16/libc.a(memset.o)
 .debug_info    0x0000070c      0x151 /usr/lib/gcc/msp430/4.6.3/../../../../msp430/lib/mmpy-16/libc.a(malloc.o)
 .debug_info    0x0000085d      0x105 /usr/lib/gcc/msp430/4.6.3/../../../../msp430/lib/mmpy-16/libc.a(printf.o)
 .debug_info    0x00000962      0x565 /usr/lib/gcc/msp430/4.6.3/../../../../msp430/lib/mmpy-16/libc.a(vuprintf.o)
 .debug_info    0x00000ec7       0x96 /usr/lib/gcc/msp430/4.6.3/../../../../msp430/lib/mmpy-16/libc.a(puts.o)
 .debug_info    0x00000f5d      0x13f /usr/lib/gcc/msp430/4.6.3/../../../../msp430/lib/mmpy-16/libc.a(rand.o)
 .debug_info    0x0000109c       0xd6 /usr/lib/gcc/msp430/4.6.3/mmpy-16/libgcc.a(_udivmod64.o)
 .debug_info    0x00001172       0xb8 /usr/lib/gcc/msp430/4.6.3/mmpy-16/libcrt0.a(__watchdog_support.o)
 .debug_info    0x0000122a       0xb8 /usr/lib/gcc/msp430/4.6.3/mmpy-16/libcrt0.a(__init_stack.o)
 .debug_info    0x000012e2       0xb8 /usr/lib/gcc/msp430/4.6.3/mmpy-16/libcrt0.a(_copy_data.o)
 .debug_info    0x0000139a       0xb8 /usr/lib/gcc/msp430/4.6.3/mmpy-16/libcrt0.a(_clear_bss.o)
 .debug_info    0x00001452       0xb8 /usr/lib/gcc/msp430/4.6.3/mmpy-16/libcrt0.a(_endless_loop__.o)
 .debug_info    0x0000150a       0xb8 /usr/lib/gcc/msp430/4.6.3/mmpy-16/libcrt0.a(_unexpected_.o)
 *(.gnu.linkonce.wi.*)

.debug_abbrev   0x00000000      0x82d
 *(.debug_abbrev)
 .debug_abbrev  0x00000000       0x14 /usr/lib/gcc/msp430/4.6.3/mmpy-16/libgcc.a(_mulsi3.o)
 .debug_abbrev  0x00000014       0x14 /usr/lib/gcc/msp430/4.6.3/mmpy-16/libgcc.a(_udivmod16.o)
 .debug_abbrev  0x00000028       0x14 /usr/lib/gcc/msp430/4.6.3/mmpy-16/libgcc.a(_udivmod32.o)
 .debug_abbrev  0x0000003c       0x14 /usr/lib/gcc/msp430/4.6.3/mmpy-16/libgcc.a(_divmod32.o)
 .debug_abbrev  0x00000050       0x7c /usr/lib/gcc/msp430/4.6.3/../../../../msp430/lib/mmpy-16/libc.a(strncmp.o)
 .debug_abbrev  0x000000cc       0x9b /usr/lib/gcc/msp430/4.6.3/../../../../msp430/lib/mmpy-16/libc.a(memcmp.o)
 .debug_abbrev  0x00000167       0x97 /usr/lib/gcc/msp430/4.6.3/../../../../msp430/lib/mmpy-16/libc.a(memcpy.o)
 .debug_abbrev  0x000001fe       0x9c /usr/lib/gcc/msp430/4.6.3/../../../../msp430/lib/mmpy-16/libc.a(memset.o)
 .debug_abbrev  0x0000029a       0xf8 /usr/lib/gcc/msp430/4.6.3/../../../../msp430/lib/mmpy-16/libc.a(malloc.o)
 .debug_abbrev  0x00000392       0xd0 /usr/lib/gcc/msp430/4.6.3/../../../../msp430/lib/mmpy-16/libc.a(printf.o)
 .debug_abbrev  0x00000462      0x1ef /usr/lib/gcc/msp430/4.6.3/../../../../msp430/lib/mmpy-16/libc.a(vuprintf.o)
 .debug_abbrev  0x00000651       0x60 /usr/lib/gcc/msp430/4.6.3/../../../../msp430/lib/mmpy-16/libc.a(puts.o)
 .debug_abbrev  0x000006b1       0xf0 /usr/lib/gcc/msp430/4.6.3/../../../../msp430/lib/mmpy-16/libc.a(rand.o)
 .debug_abbrev  0x000007a1       0x14 /usr/lib/gcc/msp430/4.6.3/mmpy-16/libgcc.a(_udivmod64.o)
 .debug_abbrev  0x000007b5       0x14 /usr/lib/gcc/msp430/4.6.3/mmpy-16/libcrt0.a(__watchdog_support.o)
 .debug_abbrev  0x000007c9       0x14 /usr/lib/gcc/msp430/4.6.3/mmpy-16/libcrt0.a(__init_stack.o)
 .debug_abbrev  0x000007dd       0x14 /usr/lib/gcc/msp430/4.6.3/mmpy-16/libcrt0.a(_copy_data.o)
 .debug_abbrev  0x000007f1       0x14 /usr/lib/gcc/msp430/4.6.3/mmpy-16/libcrt0.a(_clear_bss.o)
 .debug_abbrev  0x00000805       0x14 /usr/lib/gcc/msp430/4.6.3/mmpy-16/libcrt0.a(_endless_loop__.o)
 .debug_abbrev  0x00000819       0x14 /usr/lib/gcc/msp430/4.6.3/mmpy-16/libcrt0.a(_unexpected_.o)

.debug_line     0x00000000      0xddd
 *(.debug_line)
 .debug_line    0x00000000       0xa3 /usr/lib/gcc/msp430/4.6.3/mmpy-16/libgcc.a(_mulsi3.o)
 .debug_line    0x000000a3       0x9c /usr/lib/gcc/msp430/4.6.3/mmpy-16/libgcc.a(_udivmod16.o)
 .debug_line    0x0000013f       0xab /usr/lib/gcc/msp430/4.6.3/mmpy-16/libgcc.a(_udivmod32.o)
 .debug_line    0x000001ea       0xb0 /usr/lib/gcc/msp430/4.6.3/mmpy-16/libgcc.a(_divmod32.o)
 .debug_line    0x0000029a       0x75 /usr/lib/gcc/msp430/4.6.3/../../../../msp430/lib/mmpy-16/libc.a(strncmp.o)
 .debug_line    0x0000030f       0x73 /usr/lib/gcc/msp430/4.6.3/../../../../msp430/lib/mmpy-16/libc.a(memcmp.o)
 .debug_line    0x00000382       0xe9 /usr/lib/gcc/msp430/4.6.3/../../../../msp430/lib/mmpy-16/libc.a(memcpy.o)
 .debug_line    0x0000046b       0xc8 /usr/lib/gcc/msp430/4.6.3/../../../../msp430/lib/mmpy-16/libc.a(memset.o)
 .debug_line    0x00000533       0xbe /usr/lib/gcc/msp430/4.6.3/../../../../msp430/lib/mmpy-16/libc.a(malloc.o)
 .debug_line    0x000005f1       0x72 /usr/lib/gcc/msp430/4.6.3/../../../../msp430/lib/mmpy-16/libc.a(printf.o)
 .debug_line    0x00000663      0x2d2 /usr/lib/gcc/msp430/4.6.3/../../../../msp430/lib/mmpy-16/libc.a(vuprintf.o)
 .debug_line    0x00000935       0x4d /usr/lib/gcc/msp430/4.6.3/../../../../msp430/lib/mmpy-16/libc.a(puts.o)
 .debug_line    0x00000982       0x4f /usr/lib/gcc/msp430/4.6.3/../../../../msp430/lib/mmpy-16/libc.a(rand.o)
 .debug_line    0x000009d1       0xf1 /usr/lib/gcc/msp430/4.6.3/mmpy-16/libgcc.a(_udivmod64.o)
 .debug_line    0x00000ac2       0x84 /usr/lib/gcc/msp430/4.6.3/mmpy-16/libcrt0.a(__watchdog_support.o)
 .debug_line    0x00000b46       0x82 /usr/lib/gcc/msp430/4.6.3/mmpy-16/libcrt0.a(__init_stack.o)
 .debug_line    0x00000bc8       0x88 /usr/lib/gcc/msp430/4.6.3/mmpy-16/libcrt0.a(_copy_data.o)
 .debug_line    0x00000c50       0x88 /usr/lib/gcc/msp430/4.6.3/mmpy-16/libcrt0.a(_clear_bss.o)
 .debug_line    0x00000cd8       0x83 /usr/lib/gcc/msp430/4.6.3/mmpy-16/libcrt0.a(_endless_loop__.o)
 .debug_line    0x00000d5b       0x82 /usr/lib/gcc/msp430/4.6.3/mmpy-16/libcrt0.a(_unexpected_.o)

.debug_frame    0x00000000      0x23e
 *(.debug_frame)
 .debug_frame   0x00000000       0x24 /usr/lib/gcc/msp430/4.6.3/../../../../msp430/lib/mmpy-16/libc.a(strncmp.o)
 .debug_frame   0x00000024       0x24 /usr/lib/gcc/msp430/4.6.3/../../../../msp430/lib/mmpy-16/libc.a(memcmp.o)
 .debug_frame   0x00000048       0x38 /usr/lib/gcc/msp430/4.6.3/../../../../msp430/lib/mmpy-16/libc.a(memcpy.o)
 .debug_frame   0x00000080       0x32 /usr/lib/gcc/msp430/4.6.3/../../../../msp430/lib/mmpy-16/libc.a(memset.o)
 .debug_frame   0x000000b2       0x52 /usr/lib/gcc/msp430/4.6.3/../../../../msp430/lib/mmpy-16/libc.a(malloc.o)
 .debug_frame   0x00000104       0x2a /usr/lib/gcc/msp430/4.6.3/../../../../msp430/lib/mmpy-16/libc.a(printf.o)
 .debug_frame   0x0000012e       0xb0 /usr/lib/gcc/msp430/4.6.3/../../../../msp430/lib/mmpy-16/libc.a(vuprintf.o)
 .debug_frame   0x000001de       0x24 /usr/lib/gcc/msp430/4.6.3/../../../../msp430/lib/mmpy-16/libc.a(puts.o)
 .debug_frame   0x00000202       0x3c /usr/lib/gcc/msp430/4.6.3/../../../../msp430/lib/mmpy-16/libc.a(rand.o)

.debug_str      0x00000000      0x429
 *(.debug_str)
 .debug_str     0x00000000       0xc4 /usr/lib/gcc/msp430/4.6.3/../../../../msp430/lib/mmpy-16/libc.a(strncmp.o)
                                 0xfd (size before relaxing)
 .debug_str     0x000000c4       0x19 /usr/lib/gcc/msp430/4.6.3/../../../../msp430/lib/mmpy-16/libc.a(memcmp.o)
                                 0xfb (size before relaxing)
 .debug_str     0x000000dd       0x34 /usr/lib/gcc/msp430/4.6.3/../../../../msp430/lib/mmpy-16/libc.a(memcpy.o)
                                0x116 (size before relaxing)
 .debug_str     0x00000111       0x26 /usr/lib/gcc/msp430/4.6.3/../../../../msp430/lib/mmpy-16/libc.a(memset.o)
                                0x114 (size before relaxing)
 .debug_str     0x00000137       0x5b /usr/lib/gcc/msp430/4.6.3/../../../../msp430/lib/mmpy-16/libc.a(malloc.o)
                                0x142 (size before relaxing)
 .debug_str     0x00000192       0x40 /usr/lib/gcc/msp430/4.6.3/../../../../msp430/lib/mmpy-16/libc.a(printf.o)
                                0x12a (size before relaxing)
 .debug_str     0x000001d2      0x218 /usr/lib/gcc/msp430/4.6.3/../../../../msp430/lib/mmpy-16/libc.a(vuprintf.o)
                                0x375 (size before relaxing)
 .debug_str     0x000003ea       0x15 /usr/lib/gcc/msp430/4.6.3/../../../../msp430/lib/mmpy-16/libc.a(puts.o)
                                 0xf0 (size before relaxing)
 .debug_str     0x000003ff       0x2a /usr/lib/gcc/msp430/4.6.3/../../../../msp430/lib/mmpy-16/libc.a(rand.o)
                                0x10f (size before relaxing)

.debug_loc      0x00000000      0xc21
 *(.debug_loc)
 .debug_loc     0x00000000       0x38 /usr/lib/gcc/msp430/4.6.3/../../../../msp430/lib/mmpy-16/libc.a(strncmp.o)
 .debug_loc     0x00000038       0x5e /usr/lib/gcc/msp430/4.6.3/../../../../msp430/lib/mmpy-16/libc.a(memcmp.o)
 .debug_loc     0x00000096      0x1e9 /usr/lib/gcc/msp430/4.6.3/../../../../msp430/lib/mmpy-16/libc.a(memcpy.o)
 .debug_loc     0x0000027f       0xdb /usr/lib/gcc/msp430/4.6.3/../../../../msp430/lib/mmpy-16/libc.a(memset.o)
 .debug_loc     0x0000035a      0x12e /usr/lib/gcc/msp430/4.6.3/../../../../msp430/lib/mmpy-16/libc.a(malloc.o)
 .debug_loc     0x00000488       0x38 /usr/lib/gcc/msp430/4.6.3/../../../../msp430/lib/mmpy-16/libc.a(printf.o)
 .debug_loc     0x000004c0      0x70c /usr/lib/gcc/msp430/4.6.3/../../../../msp430/lib/mmpy-16/libc.a(vuprintf.o)
 .debug_loc     0x00000bcc       0x26 /usr/lib/gcc/msp430/4.6.3/../../../../msp430/lib/mmpy-16/libc.a(puts.o)
 .debug_loc     0x00000bf2       0x2f /usr/lib/gcc/msp430/4.6.3/../../../../msp430/lib/mmpy-16/libc.a(rand.o)

.debug_macinfo
 *(.debug_macinfo)

.debug_pubtypes
 *(.debug_pubtypes)

.debug_ranges   0x00000000       0x18
 *(.debug_ranges)
 .debug_ranges  0x00000000       0x18 /usr/lib/gcc/msp430/4.6.3/../../../../msp430/lib/mmpy-16/libc.a(vuprintf.o)
                0x00003900                PROVIDE (__stack, (ORIGIN (ram) + 0x2800))
                0x00009758                PROVIDE (__data_start_rom, _etext)
                0x000097ce                PROVIDE (__data_end_rom, (_etext + SIZEOF (.data)))
OUTPUT(lwb-test.sky elf32-msp430)

.glossy         0x00004000      0x23e
 .glossy        0x00004000      0x23e contiki-sky.a(tailored-glossy)
                0x00004000                timerb1_interrupt
                0x00004000                __isr_12
